#pragma once

#include "CoreMinimal.h"
#include "GameFramework/Character.h"
#include "BP_FirstPersonCharacter.generated.h"

UCLASS()
class ABP_FirstPersonCharacter : public ACharacter
{
    GENERATED_BODY()

public:
    ABP_FirstPersonCharacter();

    // Components
    UPROPERTY(VisibleAnywhere, BlueprintReadOnly, Category = "Camera")
    UCameraComponent* FirstPersonCameraComponent;

    UPROPERTY(VisibleAnywhere, BlueprintReadOnly, Category = "Mesh")
    USkeletalMeshComponent* FirstPersonMesh;
};